Archive member included to satisfy reference by file (symbol)

../../Lib\libLiftLibrary.a(LiftLibrary.o)
                              MotorCtrl.o (SetState)
c:/program files (x86)/atmel/studio/7.0/toolchain/avr8/avr8-gnu-toolchain/bin/../lib/gcc/avr/5.4.0/avr5\libgcc.a(_udivmodqi4.o)
                              MotorCtrl.o (__udivmodqi4)
c:/program files (x86)/atmel/studio/7.0/toolchain/avr8/avr8-gnu-toolchain/bin/../lib/gcc/avr/5.4.0/avr5\libgcc.a(_exit.o)
                              c:/program files (x86)/atmel/studio/7.0/toolchain/avr8/avr8-gnu-toolchain/bin/../lib/gcc/avr/5.4.0/../../../../avr/lib/avr5/crtatmega32.o (exit)
c:/program files (x86)/atmel/studio/7.0/toolchain/avr8/avr8-gnu-toolchain/bin/../lib/gcc/avr/5.4.0/avr5\libgcc.a(_copy_data.o)
                              MotorCtrl.o (__do_copy_data)
c:/program files (x86)/atmel/studio/7.0/toolchain/avr8/avr8-gnu-toolchain/bin/../lib/gcc/avr/5.4.0/avr5\libgcc.a(_clear_bss.o)
                              ../../Lib\libLiftLibrary.a(LiftLibrary.o) (__do_clear_bss)

Allocating common symbols
Common symbol       size              file

USART_rxBuffer      0x20              ../../Lib\libLiftLibrary.a(LiftLibrary.o)
liftDoorState       0x8               ../../Lib\libLiftLibrary.a(LiftLibrary.o)

Discarded input sections

 .data          0x00000000        0x0 c:/program files (x86)/atmel/studio/7.0/toolchain/avr8/avr8-gnu-toolchain/bin/../lib/gcc/avr/5.4.0/../../../../avr/lib/avr5/crtatmega32.o
 .bss           0x00000000        0x0 c:/program files (x86)/atmel/studio/7.0/toolchain/avr8/avr8-gnu-toolchain/bin/../lib/gcc/avr/5.4.0/../../../../avr/lib/avr5/crtatmega32.o
 .text          0x00000000        0x0 main.o
 .data          0x00000000        0x0 main.o
 .bss           0x00000000        0x0 main.o
 .text          0x00000000        0x0 MainController.o
 .data          0x00000000        0x0 MainController.o
 .bss           0x00000000        0x0 MainController.o
 .debug_line    0x00000000        0x0 MainController.o
 .debug_str     0x00000000      0x120 MainController.o
 .comment       0x00000000       0x31 MainController.o
 .text          0x00000000        0x0 MotorController.o
 .data          0x00000000        0x0 MotorController.o
 .bss           0x00000000        0x0 MotorController.o
 .debug_line    0x00000000        0x0 MotorController.o
 .debug_str     0x00000000       0xee MotorController.o
 .comment       0x00000000       0x31 MotorController.o
 .text          0x00000000        0x0 MotorCtrl.o
 .data          0x00000000        0x0 MotorCtrl.o
 .bss           0x00000000        0x0 MotorCtrl.o
 .text          0x00000000        0x0 ../../Lib\libLiftLibrary.a(LiftLibrary.o)
 .data          0x00000000        0x0 ../../Lib\libLiftLibrary.a(LiftLibrary.o)
 .bss           0x00000000        0x0 ../../Lib\libLiftLibrary.a(LiftLibrary.o)
 .text.ReadKeyEvent
                0x00000000       0x16 ../../Lib\libLiftLibrary.a(LiftLibrary.o)
 .text.ReadElevatorState
                0x00000000        0x6 ../../Lib\libLiftLibrary.a(LiftLibrary.o)
 .text.SetIndicatorFloorState
                0x00000000       0x22 ../../Lib\libLiftLibrary.a(LiftLibrary.o)
 .text.SetIndicatorElevatorState
                0x00000000       0x20 ../../Lib\libLiftLibrary.a(LiftLibrary.o)
 .text.ClrIndicatorFloorState
                0x00000000       0x24 ../../Lib\libLiftLibrary.a(LiftLibrary.o)
 .text.ClrIndicatorElevatorState
                0x00000000       0x22 ../../Lib\libLiftLibrary.a(LiftLibrary.o)
 .text.StopTimer
                0x00000000       0x3e ../../Lib\libLiftLibrary.a(LiftLibrary.o)
 .text          0x00000000        0x0 c:/program files (x86)/atmel/studio/7.0/toolchain/avr8/avr8-gnu-toolchain/bin/../lib/gcc/avr/5.4.0/avr5\libgcc.a(_udivmodqi4.o)
 .data          0x00000000        0x0 c:/program files (x86)/atmel/studio/7.0/toolchain/avr8/avr8-gnu-toolchain/bin/../lib/gcc/avr/5.4.0/avr5\libgcc.a(_udivmodqi4.o)
 .bss           0x00000000        0x0 c:/program files (x86)/atmel/studio/7.0/toolchain/avr8/avr8-gnu-toolchain/bin/../lib/gcc/avr/5.4.0/avr5\libgcc.a(_udivmodqi4.o)
 .text.libgcc.mul
                0x00000000        0x0 c:/program files (x86)/atmel/studio/7.0/toolchain/avr8/avr8-gnu-toolchain/bin/../lib/gcc/avr/5.4.0/avr5\libgcc.a(_udivmodqi4.o)
 .text.libgcc   0x00000000        0x0 c:/program files (x86)/atmel/studio/7.0/toolchain/avr8/avr8-gnu-toolchain/bin/../lib/gcc/avr/5.4.0/avr5\libgcc.a(_udivmodqi4.o)
 .text.libgcc.prologue
                0x00000000        0x0 c:/program files (x86)/atmel/studio/7.0/toolchain/avr8/avr8-gnu-toolchain/bin/../lib/gcc/avr/5.4.0/avr5\libgcc.a(_udivmodqi4.o)
 .text.libgcc.builtins
                0x00000000        0x0 c:/program files (x86)/atmel/studio/7.0/toolchain/avr8/avr8-gnu-toolchain/bin/../lib/gcc/avr/5.4.0/avr5\libgcc.a(_udivmodqi4.o)
 .text.libgcc.fmul
                0x00000000        0x0 c:/program files (x86)/atmel/studio/7.0/toolchain/avr8/avr8-gnu-toolchain/bin/../lib/gcc/avr/5.4.0/avr5\libgcc.a(_udivmodqi4.o)
 .text.libgcc.fixed
                0x00000000        0x0 c:/program files (x86)/atmel/studio/7.0/toolchain/avr8/avr8-gnu-toolchain/bin/../lib/gcc/avr/5.4.0/avr5\libgcc.a(_udivmodqi4.o)
 .text          0x00000000        0x0 c:/program files (x86)/atmel/studio/7.0/toolchain/avr8/avr8-gnu-toolchain/bin/../lib/gcc/avr/5.4.0/avr5\libgcc.a(_exit.o)
 .data          0x00000000        0x0 c:/program files (x86)/atmel/studio/7.0/toolchain/avr8/avr8-gnu-toolchain/bin/../lib/gcc/avr/5.4.0/avr5\libgcc.a(_exit.o)
 .bss           0x00000000        0x0 c:/program files (x86)/atmel/studio/7.0/toolchain/avr8/avr8-gnu-toolchain/bin/../lib/gcc/avr/5.4.0/avr5\libgcc.a(_exit.o)
 .text.libgcc.mul
                0x00000000        0x0 c:/program files (x86)/atmel/studio/7.0/toolchain/avr8/avr8-gnu-toolchain/bin/../lib/gcc/avr/5.4.0/avr5\libgcc.a(_exit.o)
 .text.libgcc.div
                0x00000000        0x0 c:/program files (x86)/atmel/studio/7.0/toolchain/avr8/avr8-gnu-toolchain/bin/../lib/gcc/avr/5.4.0/avr5\libgcc.a(_exit.o)
 .text.libgcc   0x00000000        0x0 c:/program files (x86)/atmel/studio/7.0/toolchain/avr8/avr8-gnu-toolchain/bin/../lib/gcc/avr/5.4.0/avr5\libgcc.a(_exit.o)
 .text.libgcc.prologue
                0x00000000        0x0 c:/program files (x86)/atmel/studio/7.0/toolchain/avr8/avr8-gnu-toolchain/bin/../lib/gcc/avr/5.4.0/avr5\libgcc.a(_exit.o)
 .text.libgcc.builtins
                0x00000000        0x0 c:/program files (x86)/atmel/studio/7.0/toolchain/avr8/avr8-gnu-toolchain/bin/../lib/gcc/avr/5.4.0/avr5\libgcc.a(_exit.o)
 .text.libgcc.fmul
                0x00000000        0x0 c:/program files (x86)/atmel/studio/7.0/toolchain/avr8/avr8-gnu-toolchain/bin/../lib/gcc/avr/5.4.0/avr5\libgcc.a(_exit.o)
 .text.libgcc.fixed
                0x00000000        0x0 c:/program files (x86)/atmel/studio/7.0/toolchain/avr8/avr8-gnu-toolchain/bin/../lib/gcc/avr/5.4.0/avr5\libgcc.a(_exit.o)
 .text          0x00000000        0x0 c:/program files (x86)/atmel/studio/7.0/toolchain/avr8/avr8-gnu-toolchain/bin/../lib/gcc/avr/5.4.0/avr5\libgcc.a(_copy_data.o)
 .data          0x00000000        0x0 c:/program files (x86)/atmel/studio/7.0/toolchain/avr8/avr8-gnu-toolchain/bin/../lib/gcc/avr/5.4.0/avr5\libgcc.a(_copy_data.o)
 .bss           0x00000000        0x0 c:/program files (x86)/atmel/studio/7.0/toolchain/avr8/avr8-gnu-toolchain/bin/../lib/gcc/avr/5.4.0/avr5\libgcc.a(_copy_data.o)
 .text.libgcc.mul
                0x00000000        0x0 c:/program files (x86)/atmel/studio/7.0/toolchain/avr8/avr8-gnu-toolchain/bin/../lib/gcc/avr/5.4.0/avr5\libgcc.a(_copy_data.o)
 .text.libgcc.div
                0x00000000        0x0 c:/program files (x86)/atmel/studio/7.0/toolchain/avr8/avr8-gnu-toolchain/bin/../lib/gcc/avr/5.4.0/avr5\libgcc.a(_copy_data.o)
 .text.libgcc   0x00000000        0x0 c:/program files (x86)/atmel/studio/7.0/toolchain/avr8/avr8-gnu-toolchain/bin/../lib/gcc/avr/5.4.0/avr5\libgcc.a(_copy_data.o)
 .text.libgcc.prologue
                0x00000000        0x0 c:/program files (x86)/atmel/studio/7.0/toolchain/avr8/avr8-gnu-toolchain/bin/../lib/gcc/avr/5.4.0/avr5\libgcc.a(_copy_data.o)
 .text.libgcc.builtins
                0x00000000        0x0 c:/program files (x86)/atmel/studio/7.0/toolchain/avr8/avr8-gnu-toolchain/bin/../lib/gcc/avr/5.4.0/avr5\libgcc.a(_copy_data.o)
 .text.libgcc.fmul
                0x00000000        0x0 c:/program files (x86)/atmel/studio/7.0/toolchain/avr8/avr8-gnu-toolchain/bin/../lib/gcc/avr/5.4.0/avr5\libgcc.a(_copy_data.o)
 .text.libgcc.fixed
                0x00000000        0x0 c:/program files (x86)/atmel/studio/7.0/toolchain/avr8/avr8-gnu-toolchain/bin/../lib/gcc/avr/5.4.0/avr5\libgcc.a(_copy_data.o)
 .text          0x00000000        0x0 c:/program files (x86)/atmel/studio/7.0/toolchain/avr8/avr8-gnu-toolchain/bin/../lib/gcc/avr/5.4.0/avr5\libgcc.a(_clear_bss.o)
 .data          0x00000000        0x0 c:/program files (x86)/atmel/studio/7.0/toolchain/avr8/avr8-gnu-toolchain/bin/../lib/gcc/avr/5.4.0/avr5\libgcc.a(_clear_bss.o)
 .bss           0x00000000        0x0 c:/program files (x86)/atmel/studio/7.0/toolchain/avr8/avr8-gnu-toolchain/bin/../lib/gcc/avr/5.4.0/avr5\libgcc.a(_clear_bss.o)
 .text.libgcc.mul
                0x00000000        0x0 c:/program files (x86)/atmel/studio/7.0/toolchain/avr8/avr8-gnu-toolchain/bin/../lib/gcc/avr/5.4.0/avr5\libgcc.a(_clear_bss.o)
 .text.libgcc.div
                0x00000000        0x0 c:/program files (x86)/atmel/studio/7.0/toolchain/avr8/avr8-gnu-toolchain/bin/../lib/gcc/avr/5.4.0/avr5\libgcc.a(_clear_bss.o)
 .text.libgcc   0x00000000        0x0 c:/program files (x86)/atmel/studio/7.0/toolchain/avr8/avr8-gnu-toolchain/bin/../lib/gcc/avr/5.4.0/avr5\libgcc.a(_clear_bss.o)
 .text.libgcc.prologue
                0x00000000        0x0 c:/program files (x86)/atmel/studio/7.0/toolchain/avr8/avr8-gnu-toolchain/bin/../lib/gcc/avr/5.4.0/avr5\libgcc.a(_clear_bss.o)
 .text.libgcc.builtins
                0x00000000        0x0 c:/program files (x86)/atmel/studio/7.0/toolchain/avr8/avr8-gnu-toolchain/bin/../lib/gcc/avr/5.4.0/avr5\libgcc.a(_clear_bss.o)
 .text.libgcc.fmul
                0x00000000        0x0 c:/program files (x86)/atmel/studio/7.0/toolchain/avr8/avr8-gnu-toolchain/bin/../lib/gcc/avr/5.4.0/avr5\libgcc.a(_clear_bss.o)
 .text.libgcc.fixed
                0x00000000        0x0 c:/program files (x86)/atmel/studio/7.0/toolchain/avr8/avr8-gnu-toolchain/bin/../lib/gcc/avr/5.4.0/avr5\libgcc.a(_clear_bss.o)

Memory Configuration

Name             Origin             Length             Attributes
text             0x00000000         0x00008000         xr
data             0x00800060         0x00000800         rw !x
eeprom           0x00810000         0x00000400         rw !x
fuse             0x00820000         0x00000002         rw !x
lock             0x00830000         0x00000400         rw !x
signature        0x00840000         0x00000400         rw !x
user_signatures  0x00850000         0x00000400         rw !x
*default*        0x00000000         0xffffffff

Linker script and memory map

LOAD c:/program files (x86)/atmel/studio/7.0/toolchain/avr8/avr8-gnu-toolchain/bin/../lib/gcc/avr/5.4.0/../../../../avr/lib/avr5/crtatmega32.o
LOAD main.o
LOAD MainController.o
LOAD MotorController.o
LOAD MotorCtrl.o
START GROUP
LOAD c:/program files (x86)/atmel/studio/7.0/toolchain/avr8/avr8-gnu-toolchain/bin/../lib/gcc/avr/5.4.0/../../../../avr/lib/avr5\libm.a
LOAD ../../Lib\libLiftLibrary.a
END GROUP
START GROUP
LOAD c:/program files (x86)/atmel/studio/7.0/toolchain/avr8/avr8-gnu-toolchain/bin/../lib/gcc/avr/5.4.0/avr5\libgcc.a
LOAD c:/program files (x86)/atmel/studio/7.0/toolchain/avr8/avr8-gnu-toolchain/bin/../lib/gcc/avr/5.4.0/../../../../avr/lib/avr5\libm.a
LOAD c:/program files (x86)/atmel/studio/7.0/toolchain/avr8/avr8-gnu-toolchain/bin/../lib/gcc/avr/5.4.0/../../../../avr/lib/avr5\libc.a
LOAD c:/program files (x86)/atmel/studio/7.0/toolchain/avr8/avr8-gnu-toolchain/bin/../lib/gcc/avr/5.4.0/../../../../avr/lib/avr5\libatmega32.a
END GROUP
                0x00000000                __TEXT_REGION_ORIGIN__ = DEFINED (__TEXT_REGION_ORIGIN__)?__TEXT_REGION_ORIGIN__:0x0
                [0x00800060]                __DATA_REGION_ORIGIN__ = DEFINED (__DATA_REGION_ORIGIN__)?__DATA_REGION_ORIGIN__:0x800060
                [0x00008000]                __TEXT_REGION_LENGTH__ = DEFINED (__TEXT_REGION_LENGTH__)?__TEXT_REGION_LENGTH__:0x20000
                [0x00000800]                __DATA_REGION_LENGTH__ = DEFINED (__DATA_REGION_LENGTH__)?__DATA_REGION_LENGTH__:0xffa0
                [0x00000400]                __EEPROM_REGION_LENGTH__ = DEFINED (__EEPROM_REGION_LENGTH__)?__EEPROM_REGION_LENGTH__:0x10000
                [0x00000002]                __FUSE_REGION_LENGTH__ = DEFINED (__FUSE_REGION_LENGTH__)?__FUSE_REGION_LENGTH__:0x400
                0x00000400                __LOCK_REGION_LENGTH__ = DEFINED (__LOCK_REGION_LENGTH__)?__LOCK_REGION_LENGTH__:0x400
                0x00000400                __SIGNATURE_REGION_LENGTH__ = DEFINED (__SIGNATURE_REGION_LENGTH__)?__SIGNATURE_REGION_LENGTH__:0x400
                0x00000400                __USER_SIGNATURE_REGION_LENGTH__ = DEFINED (__USER_SIGNATURE_REGION_LENGTH__)?__USER_SIGNATURE_REGION_LENGTH__:0x400

.hash
 *(.hash)

.dynsym
 *(.dynsym)

.dynstr
 *(.dynstr)

.gnu.version
 *(.gnu.version)

.gnu.version_d
 *(.gnu.version_d)

.gnu.version_r
 *(.gnu.version_r)

.rel.init
 *(.rel.init)

.rela.init
 *(.rela.init)

.rel.text
 *(.rel.text)
 *(.rel.text.*)
 *(.rel.gnu.linkonce.t*)

.rela.text
 *(.rela.text)
 *(.rela.text.*)
 *(.rela.gnu.linkonce.t*)

.rel.fini
 *(.rel.fini)

.rela.fini
 *(.rela.fini)

.rel.rodata
 *(.rel.rodata)
 *(.rel.rodata.*)
 *(.rel.gnu.linkonce.r*)

.rela.rodata
 *(.rela.rodata)
 *(.rela.rodata.*)
 *(.rela.gnu.linkonce.r*)

.rel.data
 *(.rel.data)
 *(.rel.data.*)
 *(.rel.gnu.linkonce.d*)

.rela.data
 *(.rela.data)
 *(.rela.data.*)
 *(.rela.gnu.linkonce.d*)

.rel.ctors
 *(.rel.ctors)

.rela.ctors
 *(.rela.ctors)

.rel.dtors
 *(.rel.dtors)

.rela.dtors
 *(.rela.dtors)

.rel.got
 *(.rel.got)

.rela.got
 *(.rela.got)

.rel.bss
 *(.rel.bss)

.rela.bss
 *(.rela.bss)

.rel.plt
 *(.rel.plt)

.rela.plt
 *(.rela.plt)

.text           0x00000000      0xae0
 *(.vectors)
 .vectors       0x00000000       0x54 c:/program files (x86)/atmel/studio/7.0/toolchain/avr8/avr8-gnu-toolchain/bin/../lib/gcc/avr/5.4.0/../../../../avr/lib/avr5/crtatmega32.o
                0x00000000                __vector_default
                0x00000000                __vectors
 *(.vectors)
 *(.progmem.gcc*)
                0x00000054                . = ALIGN (0x2)
                0x00000054                __trampolines_start = .
 *(.trampolines)
 .trampolines   0x00000054        0x0 linker stubs
 *(.trampolines*)
                0x00000054                __trampolines_end = .
 *libprintf_flt.a:*(.progmem.data)
 *libc.a:*(.progmem.data)
 *(.progmem*)
                0x00000054                . = ALIGN (0x2)
 *(.jumptables)
 *(.jumptables*)
 *(.lowtext)
 *(.lowtext*)
                0x00000054                __ctors_start = .
 *(.ctors)
                0x00000054                __ctors_end = .
                0x00000054                __dtors_start = .
 *(.dtors)
                0x00000054                __dtors_end = .
 SORT(*)(.ctors)
 SORT(*)(.dtors)
 *(.init0)
 .init0         0x00000054        0x0 c:/program files (x86)/atmel/studio/7.0/toolchain/avr8/avr8-gnu-toolchain/bin/../lib/gcc/avr/5.4.0/../../../../avr/lib/avr5/crtatmega32.o
                0x00000054                __init
 *(.init0)
 *(.init1)
 *(.init1)
 *(.init2)
 .init2         0x00000054        0xc c:/program files (x86)/atmel/studio/7.0/toolchain/avr8/avr8-gnu-toolchain/bin/../lib/gcc/avr/5.4.0/../../../../avr/lib/avr5/crtatmega32.o
 *(.init2)
 *(.init3)
 *(.init3)
 *(.init4)
 .init4         0x00000060       0x16 c:/program files (x86)/atmel/studio/7.0/toolchain/avr8/avr8-gnu-toolchain/bin/../lib/gcc/avr/5.4.0/avr5\libgcc.a(_copy_data.o)
                0x00000060                __do_copy_data
 .init4         0x00000076       0x10 c:/program files (x86)/atmel/studio/7.0/toolchain/avr8/avr8-gnu-toolchain/bin/../lib/gcc/avr/5.4.0/avr5\libgcc.a(_clear_bss.o)
                0x00000076                __do_clear_bss
 *(.init4)
 *(.init5)
 *(.init5)
 *(.init6)
 *(.init6)
 *(.init7)
 *(.init7)
 *(.init8)
 *(.init8)
 *(.init9)
 .init9         0x00000086        0x8 c:/program files (x86)/atmel/studio/7.0/toolchain/avr8/avr8-gnu-toolchain/bin/../lib/gcc/avr/5.4.0/../../../../avr/lib/avr5/crtatmega32.o
 *(.init9)
 *(.text)
 .text          0x0000008e        0x4 c:/program files (x86)/atmel/studio/7.0/toolchain/avr8/avr8-gnu-toolchain/bin/../lib/gcc/avr/5.4.0/../../../../avr/lib/avr5/crtatmega32.o
                0x0000008e                __vector_12
                0x0000008e                __bad_interrupt
                0x0000008e                __vector_6
                0x0000008e                __vector_3
                0x0000008e                __vector_11
                0x0000008e                __vector_17
                0x0000008e                __vector_19
                0x0000008e                __vector_5
                0x0000008e                __vector_4
                0x0000008e                __vector_9
                0x0000008e                __vector_2
                0x0000008e                __vector_15
                0x0000008e                __vector_8
                0x0000008e                __vector_14
                0x0000008e                __vector_16
                0x0000008e                __vector_18
                0x0000008e                __vector_20
                0x00000092                . = ALIGN (0x2)
 *(.text.*)
 .text.TestFunction
                0x00000092       0x38 main.o
                0x00000092                TestFunction
 .text.main     0x000000ca       0x22 main.o
                0x000000ca                main
 .text.NotifyCalibrationDone
                0x000000ec       0x3a MotorCtrl.o
                0x000000ec                NotifyCalibrationDone
 .text.OnElevatorPositionChanged
                0x00000126        0xe MotorCtrl.o
                0x00000126                OnElevatorPositionChanged
 .text.MotorCtrl_Initializing
                0x00000134       0x2a MotorCtrl.o
                0x00000134                MotorCtrl_Initializing
 .text.MotorCtrl_Moving
                0x0000015e       0x40 MotorCtrl.o
                0x0000015e                MotorCtrl_Moving
 .text.MotorCtrl_DoorsOpened
                0x0000019e       0x1a MotorCtrl.o
                0x0000019e                MotorCtrl_DoorsOpened
 .text.MotorCtrl_Stopped
                0x000001b8       0x4a MotorCtrl.o
                0x000001b8                MotorCtrl_Stopped
 .text.MotorCtrl_DoorsMoving
                0x00000202       0x54 MotorCtrl.o
                0x00000202                MotorCtrl_DoorsMoving
 .text.EnterAtomic
                0x00000256        0xe ../../Lib\libLiftLibrary.a(LiftLibrary.o)
                0x00000256                EnterAtomic
 .text.LeaveAtomic
                0x00000264       0x12 ../../Lib\libLiftLibrary.a(LiftLibrary.o)
                0x00000264                LeaveAtomic
 .text.SetState
                0x00000276       0x20 ../../Lib\libLiftLibrary.a(LiftLibrary.o)
                0x00000276                SetState
 .text.RegisterFsm
                0x00000296       0x2a ../../Lib\libLiftLibrary.a(LiftLibrary.o)
                0x00000296                RegisterFsm
 .text.DispatchEvent
                0x000002c0       0x76 ../../Lib\libLiftLibrary.a(LiftLibrary.o)
                0x000002c0                DispatchEvent
 .text.InitializeCounter
                0x00000336       0x2a ../../Lib\libLiftLibrary.a(LiftLibrary.o)
                0x00000336                InitializeCounter
 .text.ReadDoorState
                0x00000360       0x10 ../../Lib\libLiftLibrary.a(LiftLibrary.o)
                0x00000360                ReadDoorState
 .text.SetDoorState
                0x00000370       0x3a ../../Lib\libLiftLibrary.a(LiftLibrary.o)
                0x00000370                SetDoorState
 .text.MoveElevator
                0x000003aa       0x28 ../../Lib\libLiftLibrary.a(LiftLibrary.o)
                0x000003aa                MoveElevator
 .text.CalibrateElevatorPosition
                0x000003d2        0x8 ../../Lib\libLiftLibrary.a(LiftLibrary.o)
                0x000003d2                CalibrateElevatorPosition
 .text.SetDisplay
                0x000003da        0x6 ../../Lib\libLiftLibrary.a(LiftLibrary.o)
                0x000003da                SetDisplay
 .text.RegisterTestHandler
                0x000003e0        0xa ../../Lib\libLiftLibrary.a(LiftLibrary.o)
                0x000003e0                RegisterTestHandler
 .text.Usart_Init
                0x000003ea       0x12 ../../Lib\libLiftLibrary.a(LiftLibrary.o)
                0x000003ea                Usart_Init
 .text.InitializePorts
                0x000003fc       0x1c ../../Lib\libLiftLibrary.a(LiftLibrary.o)
                0x000003fc                InitializePorts
 .text.Usart_PutChar
                0x00000418        0x8 ../../Lib\libLiftLibrary.a(LiftLibrary.o)
                0x00000418                Usart_PutChar
 .text.SendEvent
                0x00000420       0x76 ../../Lib\libLiftLibrary.a(LiftLibrary.o)
                0x00000420                SendEvent
 .text.MakeDoorStates
                0x00000496       0x8a ../../Lib\libLiftLibrary.a(LiftLibrary.o)
                0x00000496                MakeDoorStates
 .text.ProcessMessage
                0x00000520       0x8a ../../Lib\libLiftLibrary.a(LiftLibrary.o)
                0x00000520                ProcessMessage
 .text.HandleMessage
                0x000005aa       0x52 ../../Lib\libLiftLibrary.a(LiftLibrary.o)
                0x000005aa                HandleMessage
 .text.SetInputOutput
                0x000005fc      0x1bc ../../Lib\libLiftLibrary.a(LiftLibrary.o)
                0x000005fc                SetInputOutput
 .text.InitializeStart
                0x000007b8       0x66 ../../Lib\libLiftLibrary.a(LiftLibrary.o)
                0x000007b8                InitializeStart
 .text.__vector_1
                0x0000081e       0x68 ../../Lib\libLiftLibrary.a(LiftLibrary.o)
                0x0000081e                __vector_1
 .text.__vector_13
                0x00000886       0x6c ../../Lib\libLiftLibrary.a(LiftLibrary.o)
                0x00000886                __vector_13
 .text.__vector_7
                0x000008f2       0xa2 ../../Lib\libLiftLibrary.a(LiftLibrary.o)
                0x000008f2                __vector_7
 .text.StartTimer
                0x00000994       0x6e ../../Lib\libLiftLibrary.a(LiftLibrary.o)
                0x00000994                StartTimer
 .text.__vector_10
                0x00000a02       0xc2 ../../Lib\libLiftLibrary.a(LiftLibrary.o)
                0x00000a02                __vector_10
 .text.libgcc.div
                0x00000ac4       0x18 c:/program files (x86)/atmel/studio/7.0/toolchain/avr8/avr8-gnu-toolchain/bin/../lib/gcc/avr/5.4.0/avr5\libgcc.a(_udivmodqi4.o)
                0x00000ac4                __udivmodqi4
                0x00000adc                . = ALIGN (0x2)
 *(.fini9)
 .fini9         0x00000adc        0x0 c:/program files (x86)/atmel/studio/7.0/toolchain/avr8/avr8-gnu-toolchain/bin/../lib/gcc/avr/5.4.0/avr5\libgcc.a(_exit.o)
                0x00000adc                _exit
                0x00000adc                exit
 *(.fini9)
 *(.fini8)
 *(.fini8)
 *(.fini7)
 *(.fini7)
 *(.fini6)
 *(.fini6)
 *(.fini5)
 *(.fini5)
 *(.fini4)
 *(.fini4)
 *(.fini3)
 *(.fini3)
 *(.fini2)
 *(.fini2)
 *(.fini1)
 *(.fini1)
 *(.fini0)
 .fini0         0x00000adc        0x4 c:/program files (x86)/atmel/studio/7.0/toolchain/avr8/avr8-gnu-toolchain/bin/../lib/gcc/avr/5.4.0/avr5\libgcc.a(_exit.o)
 *(.fini0)
                0x00000ae0                _etext = .

.data           0x00800060       0x18 load address 0x00000ae0
                0x00800060                PROVIDE (__data_start, .)
 *(.data)
 *(.data*)
 .data._motorCtrl
                0x00800060        0x7 MotorCtrl.o
                0x00800060                _motorCtrl
 .data.anchor   0x00800067        0x5 ../../Lib\libLiftLibrary.a(LiftLibrary.o)
 .data.Elevator
                0x0080006c        0x7 ../../Lib\libLiftLibrary.a(LiftLibrary.o)
 .data.doorPositions
                0x00800073        0x5 ../../Lib\libLiftLibrary.a(LiftLibrary.o)
                0x00800073                doorPositions
 *(.gnu.linkonce.d*)
 *(.rodata)
 *(.rodata*)
 *(.gnu.linkonce.r*)
                0x00800078                . = ALIGN (0x2)
                0x00800078                _edata = .
                0x00800078                PROVIDE (__data_end, .)

.bss            0x00800078       0xe8
                0x00800078                PROVIDE (__bss_start, .)
 *(.bss)
 *(.bss*)
 .bss.DoorTick.1963
                0x00800078        0x1 ../../Lib\libLiftLibrary.a(LiftLibrary.o)
 .bss.ElevatorTick.1962
                0x00800079        0x1 ../../Lib\libLiftLibrary.a(LiftLibrary.o)
 .bss.terminalRefreshCounter.1887
                0x0080007a        0x2 ../../Lib\libLiftLibrary.a(LiftLibrary.o)
 .bss.buttonRefreshCounter.1886
                0x0080007c        0x1 ../../Lib\libLiftLibrary.a(LiftLibrary.o)
 .bss.doorRefreshCounter.1885
                0x0080007d        0x1 ../../Lib\libLiftLibrary.a(LiftLibrary.o)
 .bss.outputRefreshCounter.1884
                0x0080007e        0x2 ../../Lib\libLiftLibrary.a(LiftLibrary.o)
 .bss.msgBuffer.1869
                0x00800080        0xe ../../Lib\libLiftLibrary.a(LiftLibrary.o)
 .bss.bufferIndex.1870
                0x0080008e        0x1 ../../Lib\libLiftLibrary.a(LiftLibrary.o)
 .bss.msgLen.1872
                0x0080008f        0x1 ../../Lib\libLiftLibrary.a(LiftLibrary.o)
 .bss.msgType.1871
                0x00800090        0x1 ../../Lib\libLiftLibrary.a(LiftLibrary.o)
 .bss.msgQ_out  0x00800091        0x1 ../../Lib\libLiftLibrary.a(LiftLibrary.o)
 .bss.msgQ_in   0x00800092        0x1 ../../Lib\libLiftLibrary.a(LiftLibrary.o)
 .bss.msgQueue  0x00800093       0x80 ../../Lib\libLiftLibrary.a(LiftLibrary.o)
 .bss.enterAtomicNesting
                0x00800113        0x1 ../../Lib\libLiftLibrary.a(LiftLibrary.o)
 .bss.EnableStatusUpdate
                0x00800114        0x1 ../../Lib\libLiftLibrary.a(LiftLibrary.o)
                0x00800114                EnableStatusUpdate
 .bss.OpenDoors
                0x00800115        0x1 ../../Lib\libLiftLibrary.a(LiftLibrary.o)
 .bss.SystemState
                0x00800116        0x1 ../../Lib\libLiftLibrary.a(LiftLibrary.o)
                0x00800116                SystemState
 .bss.ButtonState
                0x00800117        0x2 ../../Lib\libLiftLibrary.a(LiftLibrary.o)
                0x00800117                ButtonState
 .bss._testHandler
                0x00800119        0x2 ../../Lib\libLiftLibrary.a(LiftLibrary.o)
 .bss.doorframe
                0x0080011b        0x1 ../../Lib\libLiftLibrary.a(LiftLibrary.o)
 .bss.liftPosDisplay_On
                0x0080011c        0x1 ../../Lib\libLiftLibrary.a(LiftLibrary.o)
 .bss.displayCache
                0x0080011d        0x1 ../../Lib\libLiftLibrary.a(LiftLibrary.o)
 .bss.buttonFloorLed
                0x0080011e        0x1 ../../Lib\libLiftLibrary.a(LiftLibrary.o)
 .bss.buttonFloorLed_On
                0x0080011f        0x1 ../../Lib\libLiftLibrary.a(LiftLibrary.o)
 .bss.buttonLiftLed
                0x00800120        0x1 ../../Lib\libLiftLibrary.a(LiftLibrary.o)
 .bss.buttonLiftLed_on
                0x00800121        0x1 ../../Lib\libLiftLibrary.a(LiftLibrary.o)
 .bss.floorDisplayPort
                0x00800122        0x1 ../../Lib\libLiftLibrary.a(LiftLibrary.o)
 .bss.liftDisplay7Seg
                0x00800123        0x1 ../../Lib\libLiftLibrary.a(LiftLibrary.o)
 .bss.liftDisplay7Seg_On
                0x00800124        0x1 ../../Lib\libLiftLibrary.a(LiftLibrary.o)
 .bss.WaitingTimer
                0x00800125       0x10 ../../Lib\libLiftLibrary.a(LiftLibrary.o)
 .bss.UsedTimers
                0x00800135        0x1 ../../Lib\libLiftLibrary.a(LiftLibrary.o)
 .bss.USART_rxBufferOut
                0x00800136        0x1 ../../Lib\libLiftLibrary.a(LiftLibrary.o)
 .bss.USART_rxBufferIn
                0x00800137        0x1 ../../Lib\libLiftLibrary.a(LiftLibrary.o)
 *(COMMON)
 COMMON         0x00800138       0x28 ../../Lib\libLiftLibrary.a(LiftLibrary.o)
                0x00800138                USART_rxBuffer
                0x00800158                liftDoorState
                0x00800160                PROVIDE (__bss_end, .)
                0x00000ae0                __data_load_start = LOADADDR (.data)
                0x00000af8                __data_load_end = (__data_load_start + SIZEOF (.data))

.noinit         0x00800160        0x0
                [!provide]                PROVIDE (__noinit_start, .)
 *(.noinit*)
                [!provide]                PROVIDE (__noinit_end, .)
                0x00800160                _end = .
                [!provide]                PROVIDE (__heap_start, .)

.eeprom         0x00810000        0x0
 *(.eeprom*)
                0x00810000                __eeprom_end = .

.fuse
 *(.fuse)
 *(.lfuse)
 *(.hfuse)
 *(.efuse)

.lock
 *(.lock*)

.signature
 *(.signature*)

.user_signatures
 *(.user_signatures*)

.stab
 *(.stab)

.stabstr
 *(.stabstr)

.stab.excl
 *(.stab.excl)

.stab.exclstr
 *(.stab.exclstr)

.stab.index
 *(.stab.index)

.stab.indexstr
 *(.stab.indexstr)

.comment        0x00000000       0x60
 *(.comment)
 .comment       0x00000000       0x30 main.o
                                 0x31 (size before relaxing)
 .comment       0x00000030       0x31 MotorCtrl.o
 .comment       0x00000030       0x30 ../../Lib\libLiftLibrary.a(LiftLibrary.o)
                                 0x31 (size before relaxing)

.note.gnu.avr.deviceinfo
                0x00000000       0x3c
 .note.gnu.avr.deviceinfo
                0x00000000       0x3c c:/program files (x86)/atmel/studio/7.0/toolchain/avr8/avr8-gnu-toolchain/bin/../lib/gcc/avr/5.4.0/../../../../avr/lib/avr5/crtatmega32.o

.note.gnu.build-id
 *(.note.gnu.build-id)

.debug
 *(.debug)

.line
 *(.line)

.debug_srcinfo
 *(.debug_srcinfo)

.debug_sfnames
 *(.debug_sfnames)

.debug_aranges  0x00000000      0x198
 *(.debug_aranges)
 .debug_aranges
                0x00000000       0x28 main.o
 .debug_aranges
                0x00000028       0x50 MotorCtrl.o
 .debug_aranges
                0x00000078      0x120 ../../Lib\libLiftLibrary.a(LiftLibrary.o)

.debug_pubnames
 *(.debug_pubnames)

.debug_info     0x00000000     0x20e8
 *(.debug_info .gnu.linkonce.wi.*)
 .debug_info    0x00000000      0x4e6 c:/program files (x86)/atmel/studio/7.0/toolchain/avr8/avr8-gnu-toolchain/bin/../lib/gcc/avr/5.4.0/../../../../avr/lib/avr5/crtatmega32.o
 .debug_info    0x000004e6      0x385 main.o
 .debug_info    0x0000086b      0x681 MotorCtrl.o
 .debug_info    0x00000eec     0x11fc ../../Lib\libLiftLibrary.a(LiftLibrary.o)

.debug_abbrev   0x00000000      0xb9c
 *(.debug_abbrev)
 .debug_abbrev  0x00000000      0x4a3 c:/program files (x86)/atmel/studio/7.0/toolchain/avr8/avr8-gnu-toolchain/bin/../lib/gcc/avr/5.4.0/../../../../avr/lib/avr5/crtatmega32.o
 .debug_abbrev  0x000004a3      0x177 main.o
 .debug_abbrev  0x0000061a      0x193 MotorCtrl.o
 .debug_abbrev  0x000007ad      0x3ef ../../Lib\libLiftLibrary.a(LiftLibrary.o)

.debug_line     0x00000000      0xc55
 *(.debug_line .debug_line.* .debug_line_end)
 .debug_line    0x00000000       0x1a c:/program files (x86)/atmel/studio/7.0/toolchain/avr8/avr8-gnu-toolchain/bin/../lib/gcc/avr/5.4.0/../../../../avr/lib/avr5/crtatmega32.o
 .debug_line    0x0000001a      0x123 main.o
 .debug_line    0x0000013d      0x22c MotorCtrl.o
 .debug_line    0x00000369      0x8ec ../../Lib\libLiftLibrary.a(LiftLibrary.o)

.debug_frame    0x00000000      0x4c0
 *(.debug_frame)
 .debug_frame   0x00000000       0x34 main.o
 .debug_frame   0x00000034       0xac MotorCtrl.o
 .debug_frame   0x000000e0      0x3e0 ../../Lib\libLiftLibrary.a(LiftLibrary.o)

.debug_str      0x00000000      0xec2
 *(.debug_str)
 .debug_str     0x00000000      0x196 c:/program files (x86)/atmel/studio/7.0/toolchain/avr8/avr8-gnu-toolchain/bin/../lib/gcc/avr/5.4.0/../../../../avr/lib/avr5/crtatmega32.o
 .debug_str     0x00000196      0x345 main.o
                                0x381 (size before relaxing)
 .debug_str     0x000004db      0x1da MotorCtrl.o
                                0x4e3 (size before relaxing)
 .debug_str     0x000006b5      0x80d ../../Lib\libLiftLibrary.a(LiftLibrary.o)
                                0xb34 (size before relaxing)

.debug_loc      0x00000000     0x11f5
 *(.debug_loc)
 .debug_loc     0x00000000       0xe5 main.o
 .debug_loc     0x000000e5      0x2b9 MotorCtrl.o
 .debug_loc     0x0000039e      0xe57 ../../Lib\libLiftLibrary.a(LiftLibrary.o)

.debug_macinfo
 *(.debug_macinfo)

.debug_weaknames
 *(.debug_weaknames)

.debug_funcnames
 *(.debug_funcnames)

.debug_typenames
 *(.debug_typenames)

.debug_varnames
 *(.debug_varnames)

.debug_pubtypes
 *(.debug_pubtypes)

.debug_ranges   0x00000000      0x168
 *(.debug_ranges)
 .debug_ranges  0x00000000       0x18 main.o
 .debug_ranges  0x00000018       0x40 MotorCtrl.o
 .debug_ranges  0x00000058      0x110 ../../Lib\libLiftLibrary.a(LiftLibrary.o)

.debug_macro
 *(.debug_macro)
OUTPUT(LiftSimulation.elf elf32-avr)
LOAD linker stubs
